---------------------------------------
Begin Slurm Prolog: Sep-10-2026 16:07:34
Job ID:    13071600
User ID:   anampally3
Account:   gts-awu36-paid
Job name:  hwm-25maps-l40s
Partition: gpu-v100
QOS:       inferno
---------------------------------------
START shard 3/8 Thu Sep 10 16:07:34 EDT 2026 host=atl1-1-03-002-27-0.pace.gatech.edu job=13071600
date:     Thu Sep 10 16:07:34 EDT 2026
hostname: atl1-1-03-002-27-0.pace.gatech.edu
partition:gpu-v100 gres=
worker:   3  episodes [16859, 22479)
out:      /storage/scratch1/2/anampally3/hwm-original-repro/pldm_envs/diverse_maze/datasets/maze2d_large_diverse_25maps/images.npy
GPU 0: Tesla V100-PCIE-32GB (UUID: GPU-a36c4e5b-f653-83f2-21ab-fa6337ef9d33)
episodes_total=44959 frames_total=4540859 shard=[16859,22479) worker=3
opened existing (4540859, 98, 98, 3) /storage/scratch1/2/anampally3/hwm-original-repro/pldm_envs/diverse_maze/datasets/maze2d_large_diverse_25maps/images.npy
Found 4 GPUs for rendering. Using device 0.
w=3 episode 16859/22478 written=101 rate=76.81/s eta_h=2.05
w=3 episode 16869/22478 written=1111 rate=132.50/s eta_h=1.19
w=3 episode 16879/22478 written=2121 rate=136.56/s eta_h=1.15
w=3 episode 16889/22478 written=3131 rate=137.83/s eta_h=1.14
w=3 episode 16899/22478 written=4141 rate=138.85/s eta_h=1.13
w=3 episode 16909/22478 written=5151 rate=138.78/s eta_h=1.13
w=3 episode 16919/22478 written=6161 rate=139.36/s eta_h=1.12
w=3 episode 16929/22478 written=7171 rate=139.47/s eta_h=1.12
w=3 episode 16939/22478 written=8181 rate=139.38/s eta_h=1.11
w=3 episode 16949/22478 written=9191 rate=139.64/s eta_h=1.11
w=3 episode 16959/22478 written=10201 rate=139.53/s eta_h=1.11
w=3 episode 16969/22478 written=11211 rate=139.77/s eta_h=1.11
w=3 episode 16979/22478 written=12221 rate=139.64/s eta_h=1.10
w=3 episode 16989/22478 written=13231 rate=139.36/s eta_h=1.11
w=3 episode 16999/22478 written=14241 rate=139.61/s eta_h=1.10
w=3 episode 17009/22478 written=15251 rate=139.63/s eta_h=1.10
w=3 episode 17019/22478 written=16261 rate=139.64/s eta_h=1.10
w=3 episode 17029/22478 written=17271 rate=139.57/s eta_h=1.10
