---------------------------------------
Begin Slurm Prolog: Sep-10-2026 16:07:00
Job ID:    13071586
User ID:   anampally3
Account:   gts-awu36-paid
Job name:  hwm-25maps-l40s
Partition: gpu-l40s
QOS:       inferno
---------------------------------------
START shard 0/8 Thu Sep 10 16:07:00 EDT 2026 host=atl1-1-03-004-29-0.pace.gatech.edu job=13071586
date:     Thu Sep 10 16:07:00 EDT 2026
hostname: atl1-1-03-004-29-0.pace.gatech.edu
partition:gpu-l40s gres=
worker:   0  episodes [0, 5619)
out:      /storage/scratch1/2/anampally3/hwm-original-repro/pldm_envs/diverse_maze/datasets/maze2d_large_diverse_25maps/images.npy
GPU 0: NVIDIA L40S (UUID: GPU-4c61398d-b3cb-c42c-477d-bc8ae958c371)
episodes_total=44959 frames_total=4540859 shard=[0,5619) worker=0
opened existing (4540859, 98, 98, 3) /storage/scratch1/2/anampally3/hwm-original-repro/pldm_envs/diverse_maze/datasets/maze2d_large_diverse_25maps/images.npy
resume from legacy progress episode 59
Found 8 GPUs for rendering. Using device 0.
w=0 episode 59/5618 written=101 rate=88.49/s eta_h=1.76
w=0 episode 69/5618 written=1111 rate=157.45/s eta_h=0.99
w=0 episode 79/5618 written=2121 rate=155.75/s eta_h=1.00
w=0 episode 89/5618 written=3131 rate=155.18/s eta_h=1.00
w=0 episode 99/5618 written=4141 rate=154.83/s eta_h=1.00
w=0 episode 109/5618 written=5151 rate=153.08/s eta_h=1.01
w=0 episode 119/5618 written=6161 rate=139.56/s eta_h=1.11
w=0 episode 129/5618 written=7171 rate=130.78/s eta_h=1.18
w=0 episode 139/5618 written=8181 rate=124.48/s eta_h=1.23
w=0 episode 149/5618 written=9191 rate=120.13/s eta_h=1.28
w=0 episode 159/5618 written=10201 rate=116.83/s eta_h=1.31
w=0 episode 169/5618 written=11211 rate=114.26/s eta_h=1.34
w=0 episode 179/5618 written=12221 rate=112.03/s eta_h=1.36
w=0 episode 189/5618 written=13231 rate=110.39/s eta_h=1.38
w=0 episode 199/5618 written=14241 rate=109.09/s eta_h=1.39
w=0 episode 209/5618 written=15251 rate=107.88/s eta_h=1.41
w=0 episode 219/5618 written=16261 rate=106.86/s eta_h=1.42
w=0 episode 229/5618 written=17271 rate=105.89/s eta_h=1.43
