---------------------------------------
Begin Slurm Prolog: Sep-10-2026 16:07:34
Job ID:    13071601
User ID:   anampally3
Account:   gts-awu36-paid
Job name:  hwm-25maps-l40s
Partition: gpu-v100
QOS:       inferno
---------------------------------------
START shard 4/8 Thu Sep 10 16:07:34 EDT 2026 host=atl1-1-03-002-29-0.pace.gatech.edu job=13071601
date:     Thu Sep 10 16:07:34 EDT 2026
hostname: atl1-1-03-002-29-0.pace.gatech.edu
partition:gpu-v100 gres=
worker:   4  episodes [22479, 28099)
out:      /storage/scratch1/2/anampally3/hwm-original-repro/pldm_envs/diverse_maze/datasets/maze2d_large_diverse_25maps/images.npy
GPU 0: Tesla V100-PCIE-32GB (UUID: GPU-23ac12e9-e7a7-00f9-de9c-ece36834a532)
episodes_total=44959 frames_total=4540859 shard=[22479,28099) worker=4
opened existing (4540859, 98, 98, 3) /storage/scratch1/2/anampally3/hwm-original-repro/pldm_envs/diverse_maze/datasets/maze2d_large_diverse_25maps/images.npy
Found 4 GPUs for rendering. Using device 0.
w=4 episode 22479/28098 written=101 rate=65.14/s eta_h=2.42
w=4 episode 22489/28098 written=1111 rate=114.98/s eta_h=1.37
w=4 episode 22499/28098 written=2121 rate=119.00/s eta_h=1.32
w=4 episode 22509/28098 written=3131 rate=120.05/s eta_h=1.31
w=4 episode 22519/28098 written=4141 rate=122.38/s eta_h=1.28
w=4 episode 22529/28098 written=5151 rate=125.65/s eta_h=1.24
w=4 episode 22539/28098 written=6161 rate=127.98/s eta_h=1.22
w=4 episode 22549/28098 written=7171 rate=129.62/s eta_h=1.20
w=4 episode 22559/28098 written=8181 rate=130.05/s eta_h=1.19
w=4 episode 22569/28098 written=9191 rate=131.19/s eta_h=1.18
w=4 episode 22579/28098 written=10201 rate=132.04/s eta_h=1.17
w=4 episode 22589/28098 written=11211 rate=132.80/s eta_h=1.16
w=4 episode 22599/28098 written=12221 rate=133.26/s eta_h=1.16
w=4 episode 22609/28098 written=13231 rate=133.65/s eta_h=1.15
w=4 episode 22619/28098 written=14241 rate=134.23/s eta_h=1.15
w=4 episode 22629/28098 written=15251 rate=134.66/s eta_h=1.14
w=4 episode 22639/28098 written=16261 rate=134.99/s eta_h=1.13
w=4 episode 22649/28098 written=17271 rate=134.96/s eta_h=1.13
