/storage/scratch1/2/anampally3/envs/hwm-repro/lib/python3.9/site-packages/Cython/Distutils/old_build_ext.py:15: DeprecationWarning: dep_util is Deprecated. Use functions from setuptools instead.
  from distutils.dep_util import newer, newer_group
pybullet build time: Jan 29 2025 23:20:52
/storage/scratch1/2/anampally3/envs/hwm-repro/lib/python3.9/site-packages/pybullet_envs/env_bases.py:8: UserWarning: pkg_resources is deprecated as an API. See https://setuptools.pypa.io/en/latest/pkg_resources.html. The pkg_resources package is slated for removal as early as 2025-11-30. Refrain from using this package or pin to Setuptools<81.
  from pkg_resources import parse_version
/storage/scratch1/2/anampally3/envs/hwm-repro/lib/python3.9/site-packages/pkg_resources/__init__.py:3146: DeprecationWarning: Deprecated call to `pkg_resources.declare_namespace('mpl_toolkits')`.
Implementing implicit namespace packages (as specified in PEP 420) is preferred to `pkg_resources.declare_namespace`. See https://setuptools.pypa.io/en/latest/references/keywords.html#keyword-namespace-packages
  declare_namespace(pkg)
/storage/scratch1/2/anampally3/envs/hwm-repro/lib/python3.9/site-packages/gym/utils/seeding.py:38: DeprecationWarning: [33mWARN: Function `rng.randn(*size)` is marked as deprecated and will be removed in the future. Please use `rng.standard_normal(size)` instead.[0m
  deprecation(
/storage/scratch1/2/anampally3/envs/hwm-repro/lib/python3.9/site-packages/Cython/Distutils/old_build_ext.py:15: DeprecationWarning: dep_util is Deprecated. Use functions from setuptools instead.
  from distutils.dep_util import newer, newer_group
pybullet build time: Jan 29 2025 23:20:52
/storage/scratch1/2/anampally3/envs/hwm-repro/lib/python3.9/site-packages/pybullet_envs/env_bases.py:8: UserWarning: pkg_resources is deprecated as an API. See https://setuptools.pypa.io/en/latest/pkg_resources.html. The pkg_resources package is slated for removal as early as 2025-11-30. Refrain from using this package or pin to Setuptools<81.
  from pkg_resources import parse_version
/storage/scratch1/2/anampally3/envs/hwm-repro/lib/python3.9/site-packages/pkg_resources/__init__.py:3146: DeprecationWarning: Deprecated call to `pkg_resources.declare_namespace('mpl_toolkits')`.
Implementing implicit namespace packages (as specified in PEP 420) is preferred to `pkg_resources.declare_namespace`. See https://setuptools.pypa.io/en/latest/references/keywords.html#keyword-namespace-packages
  declare_namespace(pkg)
/storage/scratch1/2/anampally3/envs/hwm-repro/lib/python3.9/site-packages/gym/utils/seeding.py:38: DeprecationWarning: [33mWARN: Function `rng.randn(*size)` is marked as deprecated and will be removed in the future. Please use `rng.standard_normal(size)` instead.[0m
  deprecation(
/storage/scratch1/2/anampally3/envs/hwm-repro/lib/python3.9/site-packages/Cython/Distutils/old_build_ext.py:15: DeprecationWarning: dep_util is Deprecated. Use functions from setuptools instead.
  from distutils.dep_util import newer, newer_group
pybullet build time: Jan 29 2025 23:20:52
/storage/scratch1/2/anampally3/envs/hwm-repro/lib/python3.9/site-packages/pybullet_envs/env_bases.py:8: UserWarning: pkg_resources is deprecated as an API. See https://setuptools.pypa.io/en/latest/pkg_resources.html. The pkg_resources package is slated for removal as early as 2025-11-30. Refrain from using this package or pin to Setuptools<81.
  from pkg_resources import parse_version
/storage/scratch1/2/anampally3/envs/hwm-repro/lib/python3.9/site-packages/pkg_resources/__init__.py:3146: DeprecationWarning: Deprecated call to `pkg_resources.declare_namespace('mpl_toolkits')`.
Implementing implicit namespace packages (as specified in PEP 420) is preferred to `pkg_resources.declare_namespace`. See https://setuptools.pypa.io/en/latest/references/keywords.html#keyword-namespace-packages
  declare_namespace(pkg)
/storage/scratch1/2/anampally3/envs/hwm-repro/lib/python3.9/site-packages/gym/utils/seeding.py:38: DeprecationWarning: [33mWARN: Function `rng.randn(*size)` is marked as deprecated and will be removed in the future. Please use `rng.standard_normal(size)` instead.[0m
  deprecation(
[2026-09-10T16:04:22.295] error: *** JOB 13071415 ON atl1-1-03-002-21-0 CANCELLED AT 2026-09-10T16:04:22 DUE to SIGNAL Terminated ***
