---------------------------------------
Begin Slurm Prolog: Sep-10-2026 16:00:34
Job ID:    13071415
User ID:   anampally3
Account:   gts-awu36-paid
Job name:  hwm-25maps-render
Partition: gpu-v100
QOS:       inferno
---------------------------------------
START 25maps render Thu Sep 10 16:00:34 EDT 2026 host=atl1-1-03-002-21-0.pace.gatech.edu job=13071415
date:      Thu Sep 10 16:00:34 EDT 2026
hostname:  atl1-1-03-002-21-0.pace.gatech.edu
worker:    single EGL process (44959 is prime; official workers_num cannot split)
data:      /storage/scratch1/2/anampally3/hwm-original-repro/pldm_envs/diverse_maze/datasets/maze2d_large_diverse_25maps
out:       /storage/scratch1/2/anampally3/hwm-original-repro/pldm_envs/diverse_maze/datasets/maze2d_large_diverse_25maps/images.npy
Thu Sep 10 16:00:34 2026       
+-----------------------------------------------------------------------------------------+
| NVIDIA-SMI 575.57.08              Driver Version: 575.57.08      CUDA Version: 12.9     |
|-----------------------------------------+------------------------+----------------------+
| GPU  Name                 Persistence-M | Bus-Id          Disp.A | Volatile Uncorr. ECC |
| Fan  Temp   Perf          Pwr:Usage/Cap |           Memory-Usage | GPU-Util  Compute M. |
|                                         |                        |               MIG M. |
|=========================================+========================+======================|
|   0  Tesla V100-PCIE-32GB           On  |   00000000:3B:00.0 Off |                    0 |
| N/A   33C    P0             25W /  250W |       0MiB /  32768MiB |      0%      Default |
|                                         |                        |                  N/A |
+-----------------------------------------+------------------------+----------------------+
                                                                                         
+-----------------------------------------------------------------------------------------+
| Processes:                                                                              |
|  GPU   GI   CI              PID   Type   Process name                        GPU Memory |
|        ID   ID                                                               Usage      |
|=========================================================================================|
|  No running processes found                                                             |
+-----------------------------------------------------------------------------------------+
=== STEP A: probe pixel parity ===
Found 4 GPUs for rendering. Using device 0.
frame e=0 t=0 g=0 direct_max=0 png_rt_max=0 raw=(500, 500, 3)
frame e=0 t=50 g=50 direct_max=0 png_rt_max=0 raw=(500, 500, 3)
frame e=0 t=100 g=100 direct_max=0 png_rt_max=0 raw=(500, 500, 3)
frame e=1 t=0 g=101 direct_max=0 png_rt_max=0 raw=(500, 500, 3)
frame e=1 t=50 g=151 direct_max=0 png_rt_max=0 raw=(500, 500, 3)
frame e=1 t=100 g=201 direct_max=0 png_rt_max=0 raw=(500, 500, 3)
frame e=2 t=0 g=202 direct_max=0 png_rt_max=0 raw=(500, 500, 3)
frame e=2 t=50 g=252 direct_max=0 png_rt_max=0 raw=(500, 500, 3)
frame e=2 t=100 g=302 direct_max=0 png_rt_max=0 raw=(500, 500, 3)
frame e=3 t=0 g=303 direct_max=0 png_rt_max=0 raw=(500, 500, 3)
frame e=3 t=50 g=353 direct_max=0 png_rt_max=0 raw=(500, 500, 3)
frame e=3 t=100 g=403 direct_max=0 png_rt_max=0 raw=(500, 500, 3)
frame e=4 t=0 g=404 direct_max=0 png_rt_max=0 raw=(500, 500, 3)
frame e=4 t=50 g=454 direct_max=0 png_rt_max=0 raw=(500, 500, 3)
frame e=4 t=100 g=504 direct_max=0 png_rt_max=0 raw=(500, 500, 3)
frame e=5 t=0 g=505 direct_max=0 png_rt_max=0 raw=(500, 500, 3)
frame e=5 t=50 g=555 direct_max=0 png_rt_max=0 raw=(500, 500, 3)
frame e=5 t=100 g=605 direct_max=0 png_rt_max=0 raw=(500, 500, 3)
frame e=6 t=0 g=606 direct_max=0 png_rt_max=0 raw=(500, 500, 3)
frame e=6 t=50 g=656 direct_max=0 png_rt_max=0 raw=(500, 500, 3)
frame e=6 t=100 g=706 direct_max=0 png_rt_max=0 raw=(500, 500, 3)
frame e=7 t=0 g=707 direct_max=0 png_rt_max=0 raw=(500, 500, 3)
frame e=7 t=50 g=757 direct_max=0 png_rt_max=0 raw=(500, 500, 3)
frame e=7 t=100 g=807 direct_max=0 png_rt_max=0 raw=(500, 500, 3)
frame e=8 t=0 g=808 direct_max=0 png_rt_max=0 raw=(500, 500, 3)
frame e=8 t=50 g=858 direct_max=0 png_rt_max=0 raw=(500, 500, 3)
frame e=8 t=100 g=908 direct_max=0 png_rt_max=0 raw=(500, 500, 3)
frame e=9 t=0 g=909 direct_max=0 png_rt_max=0 raw=(500, 500, 3)
frame e=9 t=50 g=959 direct_max=0 png_rt_max=0 raw=(500, 500, 3)
frame e=9 t=100 g=1009 direct_max=0 png_rt_max=0 raw=(500, 500, 3)
frame e=0 t=1 g=1 direct_max=0 png_rt_max=0 raw=(500, 500, 3)
frame e=0 t=10 g=10 direct_max=0 png_rt_max=0 raw=(500, 500, 3)
frame e=3 t=25 g=328 direct_max=0 png_rt_max=0 raw=(500, 500, 3)
frame e=7 t=80 g=787 direct_max=0 png_rt_max=0 raw=(500, 500, 3)
{
  "n_frames": 34,
  "exact_direct": 34,
  "exact_png_roundtrip": 34,
  "direct_max_abs": 0,
  "direct_mean_abs": 0.0,
  "png_roundtrip_max_abs": 0,
  "png_roundtrip_mean_abs": 0.0,
  "elapsed_s": 3.6519370079040527,
  "ref_npy": "/storage/scratch1/2/anampally3/hwm-original-repro/pldm_envs/diverse_maze/datasets/maze2d_large_diverse_probe/images.npy",
  "ref_shape": [
    101000,
    98,
    98,
    3
  ]
}
=== STEP B: 2-episode pilot npy ===
episodes=2 frames=202
creating memmap /storage/scratch1/2/anampally3/hwm-director-antmaze/checkpoints/hwm_faithful/render/pilot_2ep.npy shape=(202, 98, 98, 3)
Found 4 GPUs for rendering. Using device 0.
episode 0/1 frames=101/202 rate=36.60/s eta_h=0.00
DONE npy=/storage/scratch1/2/anampally3/hwm-director-antmaze/checkpoints/hwm_faithful/render/pilot_2ep.npy shape=(202, 98, 98, 3) dtype=uint8 bytes=5820152
pilot_ok (202, 98, 98, 3) uint8 min 25 max 227 bytes 5820152
=== STEP C: full 25-map images.npy (resume-capable) ===
episodes=44959 frames=4540859
creating memmap /storage/scratch1/2/anampally3/hwm-original-repro/pldm_envs/diverse_maze/datasets/maze2d_large_diverse_25maps/images.npy shape=(4540859, 98, 98, 3)
Found 4 GPUs for rendering. Using device 0.
episode 0/44958 frames=101/4540859 rate=36.62/s eta_h=34.44
episode 9/44958 frames=1010/4540859 rate=40.55/s eta_h=31.10
episode 19/44958 frames=2020/4540859 rate=40.80/s eta_h=30.90
episode 29/44958 frames=3030/4540859 rate=40.82/s eta_h=30.88
episode 39/44958 frames=4040/4540859 rate=40.83/s eta_h=30.86
episode 49/44958 frames=5050/4540859 rate=40.84/s eta_h=30.85
---------------------------------------
Begin Slurm Epilog: Sep-10-2026 16:04:24
Job ID:        13071415
User ID:       anampally3
Account:       gts-awu36-paid
Job name:      hwm-25maps-render
Resources:     cpu=8,gres/gpu:v100=1,mem=32G,node=1
Rsrc Used:     cput=00:30:48,vmem=0,walltime=00:03:51,mem=1792832K,energy_used=0
Partition:     gpu-v100
QOS:           inferno
Nodes:         atl1-1-03-002-21-0
---------------------------------------
