---------------------------------------
Begin Slurm Prolog: Sep-10-2026 16:07:34
Job ID:    13071598
User ID:   anampally3
Account:   gts-awu36-paid
Job name:  hwm-25maps-l40s
Partition: gpu-v100
QOS:       inferno
---------------------------------------
START shard 1/8 Thu Sep 10 16:07:34 EDT 2026 host=atl1-1-03-002-21-0.pace.gatech.edu job=13071598
date:     Thu Sep 10 16:07:34 EDT 2026
hostname: atl1-1-03-002-21-0.pace.gatech.edu
partition:gpu-v100 gres=
worker:   1  episodes [5619, 11239)
out:      /storage/scratch1/2/anampally3/hwm-original-repro/pldm_envs/diverse_maze/datasets/maze2d_large_diverse_25maps/images.npy
GPU 0: Tesla V100-PCIE-32GB (UUID: GPU-ec627d67-e5cf-3262-2d07-e8967361aaf5)
episodes_total=44959 frames_total=4540859 shard=[5619,11239) worker=1
opened existing (4540859, 98, 98, 3) /storage/scratch1/2/anampally3/hwm-original-repro/pldm_envs/diverse_maze/datasets/maze2d_large_diverse_25maps/images.npy
Found 4 GPUs for rendering. Using device 0.
w=1 episode 5619/11238 written=101 rate=95.78/s eta_h=1.65
w=1 episode 5629/11238 written=1111 rate=124.01/s eta_h=1.27
w=1 episode 5639/11238 written=2121 rate=123.94/s eta_h=1.27
w=1 episode 5649/11238 written=3131 rate=123.37/s eta_h=1.27
w=1 episode 5659/11238 written=4141 rate=124.93/s eta_h=1.25
w=1 episode 5669/11238 written=5151 rate=128.00/s eta_h=1.22
w=1 episode 5679/11238 written=6161 rate=130.02/s eta_h=1.20
w=1 episode 5689/11238 written=7171 rate=131.46/s eta_h=1.18
w=1 episode 5699/11238 written=8181 rate=132.30/s eta_h=1.17
w=1 episode 5709/11238 written=9191 rate=132.93/s eta_h=1.17
w=1 episode 5719/11238 written=10201 rate=133.81/s eta_h=1.16
w=1 episode 5729/11238 written=11211 rate=134.47/s eta_h=1.15
w=1 episode 5739/11238 written=12221 rate=134.83/s eta_h=1.14
w=1 episode 5749/11238 written=13231 rate=134.82/s eta_h=1.14
w=1 episode 5759/11238 written=14241 rate=134.96/s eta_h=1.14
w=1 episode 5769/11238 written=15251 rate=135.43/s eta_h=1.13
w=1 episode 5779/11238 written=16261 rate=135.71/s eta_h=1.13
w=1 episode 5789/11238 written=17271 rate=135.68/s eta_h=1.13
