---------------------------------------
Begin Slurm Prolog: Sep-10-2026 16:07:34
Job ID:    13071599
User ID:   anampally3
Account:   gts-awu36-paid
Job name:  hwm-25maps-l40s
Partition: gpu-v100
QOS:       inferno
---------------------------------------
START shard 2/8 Thu Sep 10 16:07:34 EDT 2026 host=atl1-1-03-002-27-0.pace.gatech.edu job=13071599
date:     Thu Sep 10 16:07:34 EDT 2026
hostname: atl1-1-03-002-27-0.pace.gatech.edu
partition:gpu-v100 gres=
worker:   2  episodes [11239, 16859)
out:      /storage/scratch1/2/anampally3/hwm-original-repro/pldm_envs/diverse_maze/datasets/maze2d_large_diverse_25maps/images.npy
GPU 0: Tesla V100-PCIE-32GB (UUID: GPU-27477e71-2910-e9b5-fc93-b984943b9c3a)
episodes_total=44959 frames_total=4540859 shard=[11239,16859) worker=2
opened existing (4540859, 98, 98, 3) /storage/scratch1/2/anampally3/hwm-original-repro/pldm_envs/diverse_maze/datasets/maze2d_large_diverse_25maps/images.npy
Found 4 GPUs for rendering. Using device 0.
w=2 episode 11239/16858 written=101 rate=74.01/s eta_h=2.13
w=2 episode 11249/16858 written=1111 rate=131.27/s eta_h=1.20
w=2 episode 11259/16858 written=2121 rate=135.21/s eta_h=1.16
w=2 episode 11269/16858 written=3131 rate=136.27/s eta_h=1.15
w=2 episode 11279/16858 written=4141 rate=137.18/s eta_h=1.14
w=2 episode 11289/16858 written=5151 rate=137.84/s eta_h=1.13
w=2 episode 11299/16858 written=6161 rate=138.60/s eta_h=1.13
w=2 episode 11309/16858 written=7171 rate=138.56/s eta_h=1.12
w=2 episode 11319/16858 written=8181 rate=138.21/s eta_h=1.12
w=2 episode 11329/16858 written=9191 rate=138.51/s eta_h=1.12
w=2 episode 11339/16858 written=10201 rate=138.81/s eta_h=1.12
w=2 episode 11349/16858 written=11211 rate=138.88/s eta_h=1.11
w=2 episode 11359/16858 written=12221 rate=138.54/s eta_h=1.11
w=2 episode 11369/16858 written=13231 rate=138.57/s eta_h=1.11
w=2 episode 11379/16858 written=14241 rate=138.70/s eta_h=1.11
w=2 episode 11389/16858 written=15251 rate=138.91/s eta_h=1.10
w=2 episode 11399/16858 written=16261 rate=138.82/s eta_h=1.10
w=2 episode 11409/16858 written=17271 rate=138.54/s eta_h=1.10
