---------------------------------------
Begin Slurm Prolog: Sep-10-2026 13:51:09
Job ID:    13067808
User ID:   anampally3
Account:   gts-awu36-paid
Job name:  hwm-faithful-m9
Partition: gpu-v100
QOS:       inferno
---------------------------------------
START faithful M9 pipeline Thu Sep 10 13:51:09 EDT 2026 host=atl1-1-02-005-28-0.pace.gatech.edu
date:      Thu Sep 10 13:51:09 EDT 2026
hostname:  atl1-1-02-005-28-0.pace.gatech.edu
python:    Python 3.9.25
Thu Sep 10 13:51:09 2026       
+-----------------------------------------------------------------------------------------+
| NVIDIA-SMI 575.57.08              Driver Version: 575.57.08      CUDA Version: 12.9     |
|-----------------------------------------+------------------------+----------------------+
| GPU  Name                 Persistence-M | Bus-Id          Disp.A | Volatile Uncorr. ECC |
| Fan  Temp   Perf          Pwr:Usage/Cap |           Memory-Usage | GPU-Util  Compute M. |
|                                         |                        |               MIG M. |
|=========================================+========================+======================|
|   0  Tesla V100-PCIE-16GB           On  |   00000000:AF:00.0 Off |                    0 |
| N/A   47C    P0             28W /  250W |       0MiB /  16384MiB |      0%      Default |
|                                         |                        |                  N/A |
+-----------------------------------------+------------------------+----------------------+
                                                                                         
+-----------------------------------------------------------------------------------------+
| Processes:                                                                              |
|  GPU   GI   CI              PID   Type   Process name                        GPU Memory |
|        ID   ID                                                               Usage      |
|=========================================================================================|
|  No running processes found                                                             |
+-----------------------------------------------------------------------------------------+
=== describe 25-map images (must not regenerate) ===
{
  "found": false,
  "explicit": null,
  "locate_25maps_images": null,
  "blocker": "maze2d_large_diverse_25maps/images.npy was not found. Do not regenerate. Full L1 training cannot start."
}
describe-images exit=2
=== M8 GPU env reset/step ===
Found 4 GPUs for rendering. Using device 0.
{
  "ok": true,
  "importable": true,
  "reset_image_shape": [
    3,
    98,
    98
  ],
  "reset_proprio_shape": [
    2
  ],
  "step_image_shape": [
    3,
    98,
    98
  ],
  "step_proprio_shape": [
    2
  ],
  "reward": 0.0,
  "done": false,
  "xy0": [
    7.050707720017982,
    4.98894014524431
  ],
  "xy1": [
    7.0494084404979915,
    4.9843093113069985
  ],
  "action": [
    0.10000000149011612,
    -0.05000000074505806
  ],
  "mujoco_gl": "egl",
  "elapsed_s": 40.20173168182373,
  "episode_run": false
}
=== tiny real overfit (probe subset; 25-map images missing) ===
epoch=0 step=0 loss=69.5060 vic=42.3319 idm=9.2143 prop=17.9598 lr=0.000275514 gn=969.4
epoch=0 step=1 loss=54.4671 vic=41.3798 idm=4.1304 prop=8.9569 lr=0.000275514 gn=537.3
epoch 0 done in 26.7s n_batches=2
saved /storage/scratch1/2/anampally3/hwm-director-antmaze/checkpoints/hwm_faithful/l1_overfit/epoch=0_sample_step=8.pt
{
  "label": "overfit",
  "n_logged": 2,
  "last": {
    "epoch": 0,
    "step": 1,
    "sample_step": 8,
    "lr": 0.0002755140700462426,
    "batch_size": 4,
    "grad_norm_encoder": 84.38288955211108,
    "grad_norm_predictor": 525.7794120929972,
    "grad_norm_idm": 71.80227744120965,
    "grad_norm": 537.3267434957672,
    "train_time": 0.06849789619445801,
    "loss": 54.46709060668945,
    "vicreg_obs": 41.37977600097656,
    "vicreg_sim": 9.429276466369629,
    "vicreg_std": 0.988430380821228,
    "vicreg_cov": 1.2948844663185355e-08,
    "vicreg_std_t": 0.9867722988128662,
    "idm": 4.130388259887695,
    "idm_action": 0.8586102724075317,
    "prediction_proprio": 8.956928253173828,
    "prediction_proprio_raw": 3.707101345062256,
    "gpu_mem_allocated_mb": 68.590592,
    "gpu_mem_reserved_mb": 522.190848
  },
  "output_dir": "/storage/scratch1/2/anampally3/hwm-director-antmaze/checkpoints/hwm_faithful/l1_overfit",
  "device": "cuda",
  "overfit": {
    "n_steps": 2,
    "first": {
      "loss": 69.50596618652344,
      "vicreg_obs": 42.331912994384766,
      "vicreg_sim": 10.397192001342773,
      "idm": 9.214296340942383,
      "prediction_proprio": 17.959758758544922
    },
    "last": {
      "loss": 54.46709060668945,
      "vicreg_obs": 41.37977600097656,
      "vicreg_sim": 9.429276466369629,
      "idm": 4.130388259887695,
      "prediction_proprio": 8.956928253173828
    },
    "nan": false,
    "loss_decreased": true,
    "vicreg_obs_decreased": true,
    "vicreg_sim_decreased": true,
    "prediction_proprio_decreased": true,
    "idm_decreased": true
  }
}
=== diagnose overfit checkpoint ===
{
  "prediction": {
    "one_step_visual_mse": 8.509780883789062,
    "one_step_proprio_mse": 1.4104118347167969,
    "one_step_visual_mse_no_change": 0.0008084903238341212,
    "one_step_proprio_mse_no_change": 0.5561012029647827,
    "multi_step": {
      "1": {
        "visual_mse": 0.11005741357803345,
        "visual_mse_no_change": 0.00017442071111872792,
        "proprio_mse": 0.16580000519752502,
        "proprio_mse_no_change": 0.06708549708127975
      },
      "5": {
        "visual_mse": 2.7963414192199707,
        "visual_mse_no_change": 0.0008344877860508859,
        "proprio_mse": 0.8185314536094666,
        "proprio_mse_no_change": 0.3018861711025238
      },
      "10": {
        "visual_mse": 11.713979721069336,
        "visual_mse_no_change": 0.000935112067963928,
        "proprio_mse": 1.7217497825622559,
        "proprio_mse_no_change": 0.8166360259056091
      },
      "14": {
        "visual_mse": 23.43269157409668,
        "visual_mse_no_change": 0.0010078828781843185,
        "proprio_mse": 3.3966152667999268,
        "proprio_mse_no_change": 0.9419754147529602
      }
    },
    "finite": true
  },
  "representation": {
    "batch": 8,
    "feature_dim": 29584,
    "visual_shape": [
      15,
      8,
      16,
      43,
      43
    ],
    "fused_shape": [
      15,
      8,
      18,
      43,
      43
    ],
    "feature_std_mean": 0.002987344516441226,
    "feature_std_min": 2.3223352400236763e-05,
    "feature_std_max": 0.3250793516635895,
    "frac_dims_std_lt_1e-3": 0.9321930408477783,
    "cov_offdiag": 2.803500187553709e-08,
    "feature_norm_mean": 85.58717346191406,
    "feature_norm_std": 0.009418741799890995,
    "finite": true,
    "channels": 16,
    "spatial": 43
  }
}
=== flat L1 MPPI smoke ===
Found 4 GPUs for rendering. Using device 0.
{
  "initial_cost": 44.88319396972656,
  "optimized_cost": 43.117122650146484,
  "finite_cost": true,
  "action_sequence": [
    [
      -0.05402281507849693,
      -0.4067784547805786
    ],
    [
      0.37806442379951477,
      -0.1599983274936676
    ],
    [
      -0.38561829924583435,
      -0.13843989372253418
    ],
    [
      0.37796011567115784,
      -0.1602470576763153
    ],
    [
      -0.012982655316591263,
      -0.41018128395080566
    ],
    [
      0.38471925258636475,
      0.13873213529586792
    ],
    [
      0.25626224279403687,
      -0.32091018557548523
    ],
    [
      -0.17397981882095337,
      -0.37153899669647217
    ],
    [
      -0.38002026081085205,
      0.1488783359527588
    ],
    [
      0.3559553325176239,
      -0.2047058641910553
    ]
  ],
  "action_finite": true,
  "k": 32,
  "horizon": 10,
  "env_step": {
    "xy0": [
      6.020613833046114,
      8.01419014012615
    ],
    "xy1": [
      6.021487979542381,
      7.995926816943075
    ],
    "reward_finite": true,
    "image_ok": true,
    "moved": true
  }
}
=== short GPU training smoke (~300 steps, probe) ===
epoch=0 step=0 loss=71.0446 vic=37.1001 idm=7.3561 prop=26.5883 lr=0 gn=1048
epoch=0 step=10 loss=35.1242 vic=26.4317 idm=4.7118 prop=3.9807 lr=0.00131589 gn=253.3
epoch=0 step=20 loss=23.8012 vic=16.7143 idm=5.0404 prop=2.0464 lr=0.00263178 gn=120.5
epoch=0 step=30 loss=18.8250 vic=11.7462 idm=5.7194 prop=1.3594 lr=0.00394766 gn=127.2
epoch=0 step=40 loss=19.5829 vic=8.5198 idm=9.7001 prop=1.3630 lr=0.00526355 gn=257.4
epoch=0 step=50 loss=13.4951 vic=6.6317 idm=5.5884 prop=1.2750 lr=0.00657944 gn=102.7
epoch=0 step=60 loss=11.8760 vic=5.6785 idm=5.1390 prop=1.0585 lr=0.00789533 gn=68.04
epoch=0 step=70 loss=11.2701 vic=5.4271 idm=4.7791 prop=1.0640 lr=0.00881591 gn=42.53
epoch=0 step=80 loss=11.1144 vic=5.2699 idm=4.7148 prop=1.1297 lr=0.00880639 gn=40.43
epoch=0 step=90 loss=11.4804 vic=5.1013 idm=5.2261 prop=1.1531 lr=0.00878498 gn=48.88
epoch=0 step=100 loss=11.2107 vic=5.1056 idm=5.0276 prop=1.0776 lr=0.00875174 gn=46.13
epoch=0 step=110 loss=11.1201 vic=5.2075 idm=4.7403 prop=1.1723 lr=0.00870676 gn=28.23
epoch=0 step=120 loss=10.8972 vic=5.1866 idm=4.7280 prop=0.9826 lr=0.00865018 gn=29.64
epoch=0 step=130 loss=10.9531 vic=4.9969 idm=4.9559 prop=1.0003 lr=0.00858213 gn=52.62
epoch=0 step=140 loss=10.2561 vic=5.0629 idm=4.1858 prop=1.0075 lr=0.0085028 gn=26.52
epoch=0 step=150 loss=10.7666 vic=5.1067 idm=4.6402 prop=1.0197 lr=0.00841241 gn=58.86
epoch=0 step=160 loss=9.6538 vic=5.0685 idm=3.3902 prop=1.1951 lr=0.0083112 gn=40.45
epoch=0 step=170 loss=8.9938 vic=5.0008 idm=2.8733 prop=1.1198 lr=0.00819945 gn=48.49
epoch=0 step=180 loss=8.5782 vic=4.9237 idm=2.6263 prop=1.0282 lr=0.00807745 gn=22.5
epoch=0 step=190 loss=7.2332 vic=4.8961 idm=1.1960 prop=1.1411 lr=0.00794554 gn=20.01
epoch=0 step=200 loss=7.4667 vic=4.7749 idm=1.5337 prop=1.1582 lr=0.00780408 gn=57.08
epoch=0 step=210 loss=7.0822 vic=4.7888 idm=1.1948 prop=1.0986 lr=0.00765344 gn=40.16
epoch=0 step=220 loss=6.7376 vic=4.8030 idm=0.9484 prop=0.9862 lr=0.00749404 gn=16.21
epoch=0 step=230 loss=6.5938 vic=4.8431 idm=0.8135 prop=0.9372 lr=0.0073263 gn=31.92
epoch=0 step=240 loss=6.8566 vic=4.7689 idm=0.9028 prop=1.1849 lr=0.00715069 gn=27.04
epoch=0 step=250 loss=6.6076 vic=4.6449 idm=0.9195 prop=1.0432 lr=0.00696766 gn=22.25
epoch=0 step=260 loss=6.7035 vic=4.7126 idm=0.9227 prop=1.0683 lr=0.00677773 gn=20.17
epoch=0 step=270 loss=6.4823 vic=4.7635 idm=0.6953 prop=1.0235 lr=0.0065814 gn=9.976
epoch=0 step=280 loss=6.5526 vic=4.6804 idm=0.7819 prop=1.0903 lr=0.0063792 gn=28.4
epoch=0 step=290 loss=6.4847 vic=4.7527 idm=0.7086 prop=1.0234 lr=0.00617168 gn=25.17
saved /storage/scratch1/2/anampally3/hwm-director-antmaze/checkpoints/hwm_faithful/l1_smoke/epoch=0_sample_step=38400.pt
{
  "label": "smoke",
  "n_logged": 30,
  "last": {
    "epoch": 0,
    "step": 290,
    "sample_step": 37248,
    "lr": 0.006171684913158983,
    "batch_size": 128,
    "grad_norm_encoder": 1.371915800202878,
    "grad_norm_predictor": 24.8141934239668,
    "grad_norm_idm": 4.002185100404486,
    "grad_norm": 25.172283047486637,
    "train_time": 0.6011757850646973,
    "loss": 6.484686851501465,
    "vicreg_obs": 4.752717018127441,
    "vicreg_sim": 0.012245966121554375,
    "vicreg_std": 0.009359367191791534,
    "vicreg_cov": 0.08842714875936508,
    "vicreg_std_t": 0.988163948059082,
    "idm": 0.7086055874824524,
    "idm_action": 0.14730238914489746,
    "prediction_proprio": 1.0233641862869263,
    "prediction_proprio_raw": 0.42355087399482727,
    "gpu_mem_allocated_mb": 68.604416,
    "gpu_mem_reserved_mb": 13446.938624
  },
  "output_dir": "/storage/scratch1/2/anampally3/hwm-director-antmaze/checkpoints/hwm_faithful/l1_smoke",
  "device": "cuda"
}
=== smoke resume 2 steps ===
resumed from /storage/scratch1/2/anampally3/hwm-director-antmaze/checkpoints/hwm_faithful/l1_smoke/latest.pt epoch=0 step=299 sample_step=38400
epoch=0 step=0 loss=6.3551 vic=4.6620 idm=0.7357 prop=0.9574 lr=0 gn=18.51
saved /storage/scratch1/2/anampally3/hwm-director-antmaze/checkpoints/hwm_faithful/l1_smoke/epoch=0_sample_step=38656.pt
{
  "label": "smoke",
  "n_logged": 1,
  "last": {
    "epoch": 0,
    "step": 0,
    "sample_step": 38528,
    "lr": 0.0,
    "batch_size": 128,
    "grad_norm_encoder": 2.122479832080635,
    "grad_norm_predictor": 17.743747475901397,
    "grad_norm_idm": 4.816969182922931,
    "grad_norm": 18.508070867472263,
    "train_time": 16.622148275375366,
    "loss": 6.35509729385376,
    "vicreg_obs": 4.66197395324707,
    "vicreg_sim": 0.010958353988826275,
    "vicreg_std": 0.006445943843573332,
    "vicreg_cov": 0.08822870999574661,
    "vicreg_std_t": 0.9880857467651367,
    "idm": 0.7356894016265869,
    "idm_action": 0.15293246507644653,
    "prediction_proprio": 0.9574339985847473,
    "prediction_proprio_raw": 0.39626362919807434,
    "gpu_mem_allocated_mb": 68.62592,
    "gpu_mem_reserved_mb": 7428.112384
  },
  "output_dir": "/storage/scratch1/2/anampally3/hwm-director-antmaze/checkpoints/hwm_faithful/l1_smoke",
  "device": "cuda"
}
=== BLOCKER: 25-map images.npy not found. Full L1 training not launched. ===
DONE faithful M9 pipeline Thu Sep 10 14:02:14 EDT 2026 host=atl1-1-02-005-28-0.pace.gatech.edu
---------------------------------------
Begin Slurm Epilog: Sep-10-2026 14:02:14
Job ID:        13067808
User ID:       anampally3
Account:       gts-awu36-paid
Job name:      hwm-faithful-m9
Resources:     cpu=12,gres/gpu:v100=1,mem=64G,node=1
Rsrc Used:     cput=02:13:48,vmem=0,walltime=00:11:09,mem=9915888K,energy_used=0
Partition:     gpu-v100
QOS:           inferno
Nodes:         atl1-1-02-005-28-0
---------------------------------------
